
> lmiabridge@0.1.0 build
> next build

  Γû▓ Next.js 14.2.35
  - Environments: .env.local

   Creating an optimized production build ...
npm :  ΓÜá Compiled with warnings
At line:1 char:1
+ npm run build > build_error.log 2>&1
+ ~~~~~~~~~~~~~~~~~~~~~~~~~~~~~~~~~~~~
    + CategoryInfo          : NotSpecif 
   ied: ( ΓÜá Compiled with warnings:S  
  tring) [], RemoteException
    + FullyQualifiedErrorId : NativeCom 
   mandError
 

./node_modules/@opentelemetry/sdk-node/b
uild/src/TracerProviderWithEnvExporter.j
s
Module not found: Can't resolve 
'@opentelemetry/exporter-jaeger' in 'C:\
Users\tobac\OneDrive\Desktop\lmiabridge\
node_modules\@opentelemetry\sdk-node\bui
ld\src'

Import trace for requested module:
./node_modules/@opentelemetry/sdk-node/b
uild/src/TracerProviderWithEnvExporter.j
s
./node_modules/@opentelemetry/sdk-node/b
uild/src/sdk.js
./node_modules/@opentelemetry/sdk-node/b
uild/src/index.js
./node_modules/agentops/dist/tracing.js
./node_modules/agentops/dist/client.js
./node_modules/agentops/dist/index.js
./lib/agentops.ts
./app/api/agents/job-scan/route.ts

./node_modules/agentops/dist/instrumenta
tion/base.js
Critical dependency: the request of a 
dependency is an expression

Import trace for requested module:
./node_modules/agentops/dist/instrumenta
tion/base.js
./node_modules/agentops/dist/index.js
./lib/agentops.ts
./app/api/agents/job-scan/route.ts

./node_modules/require-in-the-middle/ind
ex.js
Critical dependency: require function 
is used in a way in which dependencies 
cannot be statically extracted

Import trace for requested module:
./node_modules/require-in-the-middle/ind
ex.js
./node_modules/@opentelemetry/instrument
ation/build/esm/platform/node/instrument
ation.js
./node_modules/@opentelemetry/instrument
ation/build/esm/platform/node/index.js
./node_modules/@opentelemetry/instrument
ation/build/esm/platform/index.js
./node_modules/@opentelemetry/instrument
ation/build/esm/index.js
./node_modules/agentops/dist/instrumenta
tion/base.js
./node_modules/agentops/dist/index.js
./lib/agentops.ts
./app/api/agents/job-scan/route.ts

 Γ£ô Compiled successfully
   Linting and checking validity of types ...
Failed to compile.

./lib/models/LMIAApplication.ts:32:3
Type error: Type '{ type: (typeof 
Schema.Types.Mixed)[]; default: 
never[]; }' is not assignable to type 
'SchemaDefinitionProperty<any[], 
ILMIAApplication, Document<unknown, {}, 
FlatRecord<ILMIAApplication>, {}, 
DefaultSchemaOptions> & FlatRecord<...> 
& Required<...> & { ...; }> | 
undefined'.
  Types of property 'type' are 
incompatible.
    Type '(typeof Mixed)[]' is not 
assignable to type 'typeof Mixed | 
AnyArray<ObjectIdSchemaDefinition> | 
AnyArray<SchemaTypeOptions<ObjectId, 
ILMIAApplication, Document<unknown, {}, 
FlatRecord<ILMIAApplication>, {}, 
DefaultSchemaOptions> & FlatRecord<...> 
& Required<...> & { ...; }>> | 
undefined'.
      Type '(typeof Mixed)[]' is not 
assignable to type 
'ObjectIdSchemaDefinition[]'.
        Type 'typeof Mixed' is not 
assignable to type 
'ObjectIdSchemaDefinition'.
          Type 'typeof Mixed' is not 
assignable to type 'typeof ObjectId'.
            Types of property 
'schemaName' are incompatible.
              Type '"Mixed"' is not 
assignable to type '"ObjectId"'.

[0m [90m 30 |[39m   }[33m,[39m[0m
[0m [90m 31 |[39m   
complianceStatus[33m:[39m { 
type[33m:[39m 
[33mString[39m[33m,[39m 
required[33m:[39m [36mtrue[39m 
}[33m,[39m[0m
[0m[31m[1m>[22m[39m[90m 32 |[39m 
  advertisingSchedule[33m:[39m { 
type[33m:[39m [[33mSchema[39m[33m.
[39m[33mTypes[39m[33m.[39m[33mMixed
[39m][33m,[39m 
[36mdefault[39m[33m:[39m [] 
}[33m,[39m[0m
[0m [90m    |[39m   
[31m[1m^[22m[39m[0m
[0m [90m 33 |[39m   
transitionPlan[33m:[39m { 
type[33m:[39m [33mSchema[39m[33m.[
39m[33mTypes[39m[33m.[39m[33mMixed
[39m }[33m,[39m[0m
[0m [90m 34 |[39m   
compliancePack[33m:[39m { 
type[33m:[39m [33mSchema[39m[33m.[
39m[33mTypes[39m[33m.[39m[33mMixed
[39m }[33m,[39m[0m
[0m [90m 35 |[39m   
evidencePackUrl[33m:[39m { 
type[33m:[39m [33mString[39m 
}[33m,[39m[0m
Next.js build worker exited with code: 
1 and signal: null
